

Microchip MPLAB XC8 Assembler V3.00 build 20241204225717 
                                                                                               Thu Apr 03 11:21:15 2025

Microchip MPLAB XC8 C Compiler v3.00 (Free license) build 20241204225717 Og1 
     1                           	processor	18F4580
     2                           	fnconf	rparam,??,?,0
     3                           	pagewidth 120
     4                           	opt	flic
     5                           	psect	cinit,global,reloc=2,class=CODE,space=0,delta=1
     6                           	psect	cstackCOMRAM,global,class=COMRAM,space=1,delta=1,lowdata,noexec
     7                           	psect	text0,global,reloc=2,class=CODE,space=0,delta=1
     8                           	psect	smallconst,global,reloc=2,class=SMALLCONST,space=0,delta=1,noexec
     9                           	psect	intsave_regs,global,class=BIGRAM,space=1,delta=1,noexec
    10                           	psect	rparam,global,class=COMRAM,space=1,delta=1,noexec
    11                           	psect	idloc,global,abs,ovrld,class=IDLOC,space=5,delta=1,noexec
    12                           	psect	config,global,abs,ovrld,class=CONFIG,space=4,delta=1,noexec
    13   000000                     
    14                           ; Version 2.20
    15                           ; Generated 12/02/2020 GMT
    16                           ; 
    17                           ; Copyright © 2020, Microchip Technology Inc. and its subsidiaries ("Microchip")
    18                           ; All rights reserved.
    19                           ; 
    20                           ; This software is developed by Microchip Technology Inc. and its subsidiaries ("Microch
      +                          ip").
    21                           ; 
    22                           ; Redistribution and use in source and binary forms, with or without modification, are
    23                           ; permitted provided that the following conditions are met:
    24                           ; 
    25                           ;     1. Redistributions of source code must retain the above copyright notice, this lis
      +                          t of
    26                           ;        conditions and the following disclaimer.
    27                           ; 
    28                           ;     2. Redistributions in binary form must reproduce the above copyright notice, this 
      +                          list
    29                           ;        of conditions and the following disclaimer in the documentation and/or other
    30                           ;        materials provided with the distribution.
    31                           ; 
    32                           ;     3. Microchip's name may not be used to endorse or promote products derived from th
      +                          is
    33                           ;        software without specific prior written permission.
    34                           ; 
    35                           ; THIS SOFTWARE IS PROVIDED BY MICROCHIP "AS IS" AND ANY EXPRESS OR IMPLIED WARRANTIES,
    36                           ; INCLUDING, BUT NOT LIMITED TO, THE IMPLIED WARRANTIES OF MERCHANTABILITY AND FITNESS F
      +                          OR
    37                           ; PURPOSE ARE DISCLAIMED.  IN NO EVENT SHALL MICROCHIP BE LIABLE FOR ANY DIRECT, INDIREC
      +                          T,
    38                           ; INCIDENTAL, SPECIAL, EXEMPLARY, OR CONSEQUENTIAL DAMAGES (INCLUDING BUT NOT LIMITED TO
    39                           ; PROCUREMENT OF SUBSTITUTE GOODS OR SERVICES; LOSS OF USE, DATA OR PROFITS; OR BUSINESS
    40                           ; INTERRUPTION) HOWSOEVER CAUSED AND ON ANY THEORY OF LIABILITY, WHETHER IN CONTRACT, ST
      +                          RICT
    41                           ; LIABILITY, OR TORT (INCLUDING NEGLIGENCE OR OTHERWISE) ARISING IN ANY WAY OUT OF THE U
      +                          SE OF
    42                           ; THIS SOFTWARE, EVEN IF ADVISED OF THE POSSIBILITY OF SUCH DAMAGE.
    43                           ; 
    44                           ; 
    45                           ; Code-generator required, PIC18F4580 Definitions
    46                           ; 
    47                           ; SFR Addresses
    48   000FE0                     bsr             equ	4064
    49   000FE9                     fsr0            equ	4073
    50   000FEA                     fsr0h           equ	4074
    51   000FE9                     fsr0l           equ	4073
    52   000FE1                     fsr1            equ	4065
    53   000FE2                     fsr1h           equ	4066
    54   000FE1                     fsr1l           equ	4065
    55   000FD9                     fsr2            equ	4057
    56   000FDA                     fsr2h           equ	4058
    57   000FD9                     fsr2l           equ	4057
    58   000FEF                     indf0           equ	4079
    59   000FE7                     indf1           equ	4071
    60   000FDF                     indf2           equ	4063
    61   000FF2                     intcon          equ	4082
    62   000000                     nvmcon          equ	0
    63   000FF9                     pcl             equ	4089
    64   000FFA                     pclath          equ	4090
    65   000FFB                     pclatu          equ	4091
    66   000FEB                     plusw0          equ	4075
    67   000FE3                     plusw1          equ	4067
    68   000FDB                     plusw2          equ	4059
    69   000FED                     postdec0        equ	4077
    70   000FE5                     postdec1        equ	4069
    71   000FDD                     postdec2        equ	4061
    72   000FEE                     postinc0        equ	4078
    73   000FE6                     postinc1        equ	4070
    74   000FDE                     postinc2        equ	4062
    75   000FEC                     preinc0         equ	4076
    76   000FE4                     preinc1         equ	4068
    77   000FDC                     preinc2         equ	4060
    78   000FF3                     prod            equ	4083
    79   000FF4                     prodh           equ	4084
    80   000FF3                     prodl           equ	4083
    81   000FD8                     status          equ	4056
    82   000FF5                     tablat          equ	4085
    83   000FF6                     tblptr          equ	4086
    84   000FF7                     tblptrh         equ	4087
    85   000FF6                     tblptrl         equ	4086
    86   000FF8                     tblptru         equ	4088
    87   000FFD                     tosl            equ	4093
    88   000FE8                     wreg            equ	4072
    89   000D60                     RXF6SIDH        equ	3424	;# 
    90   000D61                     RXF6SIDL        equ	3425	;# 
    91   000D62                     RXF6EIDH        equ	3426	;# 
    92   000D63                     RXF6EIDL        equ	3427	;# 
    93   000D64                     RXF7SIDH        equ	3428	;# 
    94   000D65                     RXF7SIDL        equ	3429	;# 
    95   000D66                     RXF7EIDH        equ	3430	;# 
    96   000D67                     RXF7EIDL        equ	3431	;# 
    97   000D68                     RXF8SIDH        equ	3432	;# 
    98   000D69                     RXF8SIDL        equ	3433	;# 
    99   000D6A                     RXF8EIDH        equ	3434	;# 
   100   000D6B                     RXF8EIDL        equ	3435	;# 
   101   000D70                     RXF9SIDH        equ	3440	;# 
   102   000D71                     RXF9SIDL        equ	3441	;# 
   103   000D72                     RXF9EIDH        equ	3442	;# 
   104   000D73                     RXF9EIDL        equ	3443	;# 
   105   000D74                     RXF10SIDH       equ	3444	;# 
   106   000D75                     RXF10SIDL       equ	3445	;# 
   107   000D76                     RXF10EIDH       equ	3446	;# 
   108   000D77                     RXF10EIDL       equ	3447	;# 
   109   000D78                     RXF11SIDH       equ	3448	;# 
   110   000D79                     RXF11SIDL       equ	3449	;# 
   111   000D7A                     RXF11EIDH       equ	3450	;# 
   112   000D7B                     RXF11EIDL       equ	3451	;# 
   113   000D80                     RXF12SIDH       equ	3456	;# 
   114   000D81                     RXF12SIDL       equ	3457	;# 
   115   000D82                     RXF12EIDH       equ	3458	;# 
   116   000D83                     RXF12EIDL       equ	3459	;# 
   117   000D84                     RXF13SIDH       equ	3460	;# 
   118   000D85                     RXF13SIDL       equ	3461	;# 
   119   000D86                     RXF13EIDH       equ	3462	;# 
   120   000D87                     RXF13EIDL       equ	3463	;# 
   121   000D88                     RXF14SIDH       equ	3464	;# 
   122   000D89                     RXF14SIDL       equ	3465	;# 
   123   000D8A                     RXF14EIDH       equ	3466	;# 
   124   000D8B                     RXF14EIDL       equ	3467	;# 
   125   000D90                     RXF15SIDH       equ	3472	;# 
   126   000D91                     RXF15SIDL       equ	3473	;# 
   127   000D92                     RXF15EIDH       equ	3474	;# 
   128   000D93                     RXF15EIDL       equ	3475	;# 
   129   000DD4                     RXFCON0         equ	3540	;# 
   130   000DD5                     RXFCON1         equ	3541	;# 
   131   000DD8                     SDFLC           equ	3544	;# 
   132   000DE0                     RXFBCON0        equ	3552	;# 
   133   000DE1                     RXFBCON1        equ	3553	;# 
   134   000DE2                     RXFBCON2        equ	3554	;# 
   135   000DE3                     RXFBCON3        equ	3555	;# 
   136   000DE4                     RXFBCON4        equ	3556	;# 
   137   000DE5                     RXFBCON5        equ	3557	;# 
   138   000DE6                     RXFBCON6        equ	3558	;# 
   139   000DE7                     RXFBCON7        equ	3559	;# 
   140   000DF0                     MSEL0           equ	3568	;# 
   141   000DF1                     MSEL1           equ	3569	;# 
   142   000DF2                     MSEL2           equ	3570	;# 
   143   000DF3                     MSEL3           equ	3571	;# 
   144   000DF8                     BSEL0           equ	3576	;# 
   145   000DFA                     BIE0            equ	3578	;# 
   146   000DFC                     TXBIE           equ	3580	;# 
   147   000E20                     B0CON           equ	3616	;# 
   148   000E21                     B0SIDH          equ	3617	;# 
   149   000E22                     B0SIDL          equ	3618	;# 
   150   000E23                     B0EIDH          equ	3619	;# 
   151   000E24                     B0EIDL          equ	3620	;# 
   152   000E25                     B0DLC           equ	3621	;# 
   153   000E26                     B0D0            equ	3622	;# 
   154   000E27                     B0D1            equ	3623	;# 
   155   000E28                     B0D2            equ	3624	;# 
   156   000E29                     B0D3            equ	3625	;# 
   157   000E2A                     B0D4            equ	3626	;# 
   158   000E2B                     B0D5            equ	3627	;# 
   159   000E2C                     B0D6            equ	3628	;# 
   160   000E2D                     B0D7            equ	3629	;# 
   161   000E2E                     CANSTAT_RO9     equ	3630	;# 
   162   000E2F                     CANCON_RO9      equ	3631	;# 
   163   000E30                     B1CON           equ	3632	;# 
   164   000E31                     B1SIDH          equ	3633	;# 
   165   000E32                     B1SIDL          equ	3634	;# 
   166   000E33                     B1EIDH          equ	3635	;# 
   167   000E34                     B1EIDL          equ	3636	;# 
   168   000E35                     B1DLC           equ	3637	;# 
   169   000E36                     B1D0            equ	3638	;# 
   170   000E37                     B1D1            equ	3639	;# 
   171   000E38                     B1D2            equ	3640	;# 
   172   000E39                     B1D3            equ	3641	;# 
   173   000E3A                     B1D4            equ	3642	;# 
   174   000E3B                     B1D5            equ	3643	;# 
   175   000E3C                     B1D6            equ	3644	;# 
   176   000E3D                     B1D7            equ	3645	;# 
   177   000E3E                     CANSTAT_RO8     equ	3646	;# 
   178   000E3F                     CANCON_RO8      equ	3647	;# 
   179   000E40                     B2CON           equ	3648	;# 
   180   000E41                     B2SIDH          equ	3649	;# 
   181   000E42                     B2SIDL          equ	3650	;# 
   182   000E43                     B2EIDH          equ	3651	;# 
   183   000E44                     B2EIDL          equ	3652	;# 
   184   000E45                     B2DLC           equ	3653	;# 
   185   000E46                     B2D0            equ	3654	;# 
   186   000E47                     B2D1            equ	3655	;# 
   187   000E48                     B2D2            equ	3656	;# 
   188   000E49                     B2D3            equ	3657	;# 
   189   000E4A                     B2D4            equ	3658	;# 
   190   000E4B                     B2D5            equ	3659	;# 
   191   000E4C                     B2D6            equ	3660	;# 
   192   000E4D                     B2D7            equ	3661	;# 
   193   000E4E                     CANSTAT_RO7     equ	3662	;# 
   194   000E4F                     CANCON_RO7      equ	3663	;# 
   195   000E50                     B3CON           equ	3664	;# 
   196   000E51                     B3SIDH          equ	3665	;# 
   197   000E52                     B3SIDL          equ	3666	;# 
   198   000E53                     B3EIDH          equ	3667	;# 
   199   000E54                     B3EIDL          equ	3668	;# 
   200   000E55                     B3DLC           equ	3669	;# 
   201   000E56                     B3D0            equ	3670	;# 
   202   000E57                     B3D1            equ	3671	;# 
   203   000E58                     B3D2            equ	3672	;# 
   204   000E59                     B3D3            equ	3673	;# 
   205   000E5A                     B3D4            equ	3674	;# 
   206   000E5B                     B3D5            equ	3675	;# 
   207   000E5C                     B3D6            equ	3676	;# 
   208   000E5D                     B3D7            equ	3677	;# 
   209   000E5E                     CANSTAT_RO6     equ	3678	;# 
   210   000E5F                     CANCON_RO6      equ	3679	;# 
   211   000E60                     B4CON           equ	3680	;# 
   212   000E61                     B4SIDH          equ	3681	;# 
   213   000E62                     B4SIDL          equ	3682	;# 
   214   000E63                     B4EIDH          equ	3683	;# 
   215   000E64                     B4EIDL          equ	3684	;# 
   216   000E65                     B4DLC           equ	3685	;# 
   217   000E66                     B4D0            equ	3686	;# 
   218   000E67                     B4D1            equ	3687	;# 
   219   000E68                     B4D2            equ	3688	;# 
   220   000E69                     B4D3            equ	3689	;# 
   221   000E6A                     B4D4            equ	3690	;# 
   222   000E6B                     B4D5            equ	3691	;# 
   223   000E6C                     B4D6            equ	3692	;# 
   224   000E6D                     B4D7            equ	3693	;# 
   225   000E6E                     CANSTAT_RO5     equ	3694	;# 
   226   000E6F                     CANCON_RO5      equ	3695	;# 
   227   000E70                     B5CON           equ	3696	;# 
   228   000E71                     B5SIDH          equ	3697	;# 
   229   000E72                     B5SIDL          equ	3698	;# 
   230   000E73                     B5EIDH          equ	3699	;# 
   231   000E74                     B5EIDL          equ	3700	;# 
   232   000E75                     B5DLC           equ	3701	;# 
   233   000E76                     B5D0            equ	3702	;# 
   234   000E77                     B5D1            equ	3703	;# 
   235   000E78                     B5D2            equ	3704	;# 
   236   000E79                     B5D3            equ	3705	;# 
   237   000E7A                     B5D4            equ	3706	;# 
   238   000E7B                     B5D5            equ	3707	;# 
   239   000E7C                     B5D6            equ	3708	;# 
   240   000E7D                     B5D7            equ	3709	;# 
   241   000E7E                     CANSTAT_RO4     equ	3710	;# 
   242   000E7F                     CANCON_RO4      equ	3711	;# 
   243   000F00                     RXF0SIDH        equ	3840	;# 
   244   000F01                     RXF0SIDL        equ	3841	;# 
   245   000F02                     RXF0EIDH        equ	3842	;# 
   246   000F03                     RXF0EIDL        equ	3843	;# 
   247   000F04                     RXF1SIDH        equ	3844	;# 
   248   000F05                     RXF1SIDL        equ	3845	;# 
   249   000F06                     RXF1EIDH        equ	3846	;# 
   250   000F07                     RXF1EIDL        equ	3847	;# 
   251   000F08                     RXF2SIDH        equ	3848	;# 
   252   000F09                     RXF2SIDL        equ	3849	;# 
   253   000F0A                     RXF2EIDH        equ	3850	;# 
   254   000F0B                     RXF2EIDL        equ	3851	;# 
   255   000F0C                     RXF3SIDH        equ	3852	;# 
   256   000F0D                     RXF3SIDL        equ	3853	;# 
   257   000F0E                     RXF3EIDH        equ	3854	;# 
   258   000F0F                     RXF3EIDL        equ	3855	;# 
   259   000F10                     RXF4SIDH        equ	3856	;# 
   260   000F11                     RXF4SIDL        equ	3857	;# 
   261   000F12                     RXF4EIDH        equ	3858	;# 
   262   000F13                     RXF4EIDL        equ	3859	;# 
   263   000F14                     RXF5SIDH        equ	3860	;# 
   264   000F15                     RXF5SIDL        equ	3861	;# 
   265   000F16                     RXF5EIDH        equ	3862	;# 
   266   000F17                     RXF5EIDL        equ	3863	;# 
   267   000F18                     RXM0SIDH        equ	3864	;# 
   268   000F19                     RXM0SIDL        equ	3865	;# 
   269   000F1A                     RXM0EIDH        equ	3866	;# 
   270   000F1B                     RXM0EIDL        equ	3867	;# 
   271   000F1C                     RXM1SIDH        equ	3868	;# 
   272   000F1D                     RXM1SIDL        equ	3869	;# 
   273   000F1E                     RXM1EIDH        equ	3870	;# 
   274   000F1F                     RXM1EIDL        equ	3871	;# 
   275   000F20                     TXB2CON         equ	3872	;# 
   276   000F21                     TXB2SIDH        equ	3873	;# 
   277   000F22                     TXB2SIDL        equ	3874	;# 
   278   000F23                     TXB2EIDH        equ	3875	;# 
   279   000F24                     TXB2EIDL        equ	3876	;# 
   280   000F25                     TXB2DLC         equ	3877	;# 
   281   000F26                     TXB2D0          equ	3878	;# 
   282   000F27                     TXB2D1          equ	3879	;# 
   283   000F28                     TXB2D2          equ	3880	;# 
   284   000F29                     TXB2D3          equ	3881	;# 
   285   000F2A                     TXB2D4          equ	3882	;# 
   286   000F2B                     TXB2D5          equ	3883	;# 
   287   000F2C                     TXB2D6          equ	3884	;# 
   288   000F2D                     TXB2D7          equ	3885	;# 
   289   000F2E                     CANSTAT_RO3     equ	3886	;# 
   290   000F2F                     CANCON_RO3      equ	3887	;# 
   291   000F30                     TXB1CON         equ	3888	;# 
   292   000F31                     TXB1SIDH        equ	3889	;# 
   293   000F32                     TXB1SIDL        equ	3890	;# 
   294   000F33                     TXB1EIDH        equ	3891	;# 
   295   000F34                     TXB1EIDL        equ	3892	;# 
   296   000F35                     TXB1DLC         equ	3893	;# 
   297   000F36                     TXB1D0          equ	3894	;# 
   298   000F37                     TXB1D1          equ	3895	;# 
   299   000F38                     TXB1D2          equ	3896	;# 
   300   000F39                     TXB1D3          equ	3897	;# 
   301   000F3A                     TXB1D4          equ	3898	;# 
   302   000F3B                     TXB1D5          equ	3899	;# 
   303   000F3C                     TXB1D6          equ	3900	;# 
   304   000F3D                     TXB1D7          equ	3901	;# 
   305   000F3E                     CANSTAT_RO2     equ	3902	;# 
   306   000F3F                     CANCON_RO2      equ	3903	;# 
   307   000F40                     TXB0CON         equ	3904	;# 
   308   000F41                     TXB0SIDH        equ	3905	;# 
   309   000F42                     TXB0SIDL        equ	3906	;# 
   310   000F43                     TXB0EIDH        equ	3907	;# 
   311   000F44                     TXB0EIDL        equ	3908	;# 
   312   000F45                     TXB0DLC         equ	3909	;# 
   313   000F46                     TXB0D0          equ	3910	;# 
   314   000F47                     TXB0D1          equ	3911	;# 
   315   000F48                     TXB0D2          equ	3912	;# 
   316   000F49                     TXB0D3          equ	3913	;# 
   317   000F4A                     TXB0D4          equ	3914	;# 
   318   000F4B                     TXB0D5          equ	3915	;# 
   319   000F4C                     TXB0D6          equ	3916	;# 
   320   000F4D                     TXB0D7          equ	3917	;# 
   321   000F4E                     CANSTAT_RO1     equ	3918	;# 
   322   000F4F                     CANCON_RO1      equ	3919	;# 
   323   000F50                     RXB1CON         equ	3920	;# 
   324   000F51                     RXB1SIDH        equ	3921	;# 
   325   000F52                     RXB1SIDL        equ	3922	;# 
   326   000F53                     RXB1EIDH        equ	3923	;# 
   327   000F54                     RXB1EIDL        equ	3924	;# 
   328   000F55                     RXB1DLC         equ	3925	;# 
   329   000F56                     RXB1D0          equ	3926	;# 
   330   000F57                     RXB1D1          equ	3927	;# 
   331   000F58                     RXB1D2          equ	3928	;# 
   332   000F59                     RXB1D3          equ	3929	;# 
   333   000F5A                     RXB1D4          equ	3930	;# 
   334   000F5B                     RXB1D5          equ	3931	;# 
   335   000F5C                     RXB1D6          equ	3932	;# 
   336   000F5D                     RXB1D7          equ	3933	;# 
   337   000F5E                     CANSTAT_RO0     equ	3934	;# 
   338   000F5F                     CANCON_RO0      equ	3935	;# 
   339   000F60                     RXB0CON         equ	3936	;# 
   340   000F61                     RXB0SIDH        equ	3937	;# 
   341   000F62                     RXB0SIDL        equ	3938	;# 
   342   000F63                     RXB0EIDH        equ	3939	;# 
   343   000F64                     RXB0EIDL        equ	3940	;# 
   344   000F65                     RXB0DLC         equ	3941	;# 
   345   000F66                     RXB0D0          equ	3942	;# 
   346   000F67                     RXB0D1          equ	3943	;# 
   347   000F68                     RXB0D2          equ	3944	;# 
   348   000F69                     RXB0D3          equ	3945	;# 
   349   000F6A                     RXB0D4          equ	3946	;# 
   350   000F6B                     RXB0D5          equ	3947	;# 
   351   000F6C                     RXB0D6          equ	3948	;# 
   352   000F6D                     RXB0D7          equ	3949	;# 
   353   000F6E                     CANSTAT         equ	3950	;# 
   354   000F6F                     CANCON          equ	3951	;# 
   355   000F70                     BRGCON1         equ	3952	;# 
   356   000F71                     BRGCON2         equ	3953	;# 
   357   000F72                     BRGCON3         equ	3954	;# 
   358   000F73                     CIOCON          equ	3955	;# 
   359   000F74                     COMSTAT         equ	3956	;# 
   360   000F75                     RXERRCNT        equ	3957	;# 
   361   000F76                     TXERRCNT        equ	3958	;# 
   362   000F77                     ECANCON         equ	3959	;# 
   363   000F80                     PORTA           equ	3968	;# 
   364   000F81                     PORTB           equ	3969	;# 
   365   000F82                     PORTC           equ	3970	;# 
   366   000F83                     PORTD           equ	3971	;# 
   367   000F84                     PORTE           equ	3972	;# 
   368   000F89                     LATA            equ	3977	;# 
   369   000F8A                     LATB            equ	3978	;# 
   370   000F8B                     LATC            equ	3979	;# 
   371   000F8C                     LATD            equ	3980	;# 
   372   000F8D                     LATE            equ	3981	;# 
   373   000F92                     TRISA           equ	3986	;# 
   374   000F92                     DDRA            equ	3986	;# 
   375   000F93                     TRISB           equ	3987	;# 
   376   000F93                     DDRB            equ	3987	;# 
   377   000F94                     TRISC           equ	3988	;# 
   378   000F94                     DDRC            equ	3988	;# 
   379   000F95                     TRISD           equ	3989	;# 
   380   000F95                     DDRD            equ	3989	;# 
   381   000F96                     TRISE           equ	3990	;# 
   382   000F96                     DDRE            equ	3990	;# 
   383   000F9B                     OSCTUNE         equ	3995	;# 
   384   000F9D                     PIE1            equ	3997	;# 
   385   000F9E                     PIR1            equ	3998	;# 
   386   000F9F                     IPR1            equ	3999	;# 
   387   000FA0                     PIE2            equ	4000	;# 
   388   000FA1                     PIR2            equ	4001	;# 
   389   000FA2                     IPR2            equ	4002	;# 
   390   000FA3                     PIE3            equ	4003	;# 
   391   000FA4                     PIR3            equ	4004	;# 
   392   000FA5                     IPR3            equ	4005	;# 
   393   000FA6                     EECON1          equ	4006	;# 
   394   000FA7                     EECON2          equ	4007	;# 
   395   000FA8                     EEDATA          equ	4008	;# 
   396   000FA9                     EEADR           equ	4009	;# 
   397   000FAB                     RCSTA           equ	4011	;# 
   398   000FAB                     RCSTA1          equ	4011	;# 
   399   000FAC                     TXSTA           equ	4012	;# 
   400   000FAC                     TXSTA1          equ	4012	;# 
   401   000FAD                     TXREG           equ	4013	;# 
   402   000FAD                     TXREG1          equ	4013	;# 
   403   000FAE                     RCREG           equ	4014	;# 
   404   000FAE                     RCREG1          equ	4014	;# 
   405   000FAF                     SPBRG           equ	4015	;# 
   406   000FAF                     SPBRG1          equ	4015	;# 
   407   000FB0                     SPBRGH          equ	4016	;# 
   408   000FB1                     T3CON           equ	4017	;# 
   409   000FB2                     TMR3            equ	4018	;# 
   410   000FB2                     TMR3L           equ	4018	;# 
   411   000FB3                     TMR3H           equ	4019	;# 
   412   000FB4                     CMCON           equ	4020	;# 
   413   000FB5                     CVRCON          equ	4021	;# 
   414   000FB6                     ECCP1AS         equ	4022	;# 
   415   000FB7                     ECCP1DEL        equ	4023	;# 
   416   000FB8                     BAUDCON         equ	4024	;# 
   417   000FB8                     BAUDCTL         equ	4024	;# 
   418   000FBA                     ECCP1CON        equ	4026	;# 
   419   000FBB                     ECCPR1          equ	4027	;# 
   420   000FBB                     ECCPR1L         equ	4027	;# 
   421   000FBC                     ECCPR1H         equ	4028	;# 
   422   000FBD                     CCP1CON         equ	4029	;# 
   423   000FBE                     CCPR1           equ	4030	;# 
   424   000FBE                     CCPR1L          equ	4030	;# 
   425   000FBF                     CCPR1H          equ	4031	;# 
   426   000FC0                     ADCON2          equ	4032	;# 
   427   000FC1                     ADCON1          equ	4033	;# 
   428   000FC2                     ADCON0          equ	4034	;# 
   429   000FC3                     ADRES           equ	4035	;# 
   430   000FC3                     ADRESL          equ	4035	;# 
   431   000FC4                     ADRESH          equ	4036	;# 
   432   000FC5                     SSPCON2         equ	4037	;# 
   433   000FC6                     SSPCON1         equ	4038	;# 
   434   000FC7                     SSPSTAT         equ	4039	;# 
   435   000FC8                     SSPADD          equ	4040	;# 
   436   000FC9                     SSPBUF          equ	4041	;# 
   437   000FCA                     T2CON           equ	4042	;# 
   438   000FCB                     PR2             equ	4043	;# 
   439   000FCB                     MEMCON          equ	4043	;# 
   440   000FCC                     TMR2            equ	4044	;# 
   441   000FCD                     T1CON           equ	4045	;# 
   442   000FCE                     TMR1            equ	4046	;# 
   443   000FCE                     TMR1L           equ	4046	;# 
   444   000FCF                     TMR1H           equ	4047	;# 
   445   000FD0                     RCON            equ	4048	;# 
   446   000FD1                     WDTCON          equ	4049	;# 
   447   000FD2                     HLVDCON         equ	4050	;# 
   448   000FD2                     LVDCON          equ	4050	;# 
   449   000FD3                     OSCCON          equ	4051	;# 
   450   000FD5                     T0CON           equ	4053	;# 
   451   000FD6                     TMR0            equ	4054	;# 
   452   000FD6                     TMR0L           equ	4054	;# 
   453   000FD7                     TMR0H           equ	4055	;# 
   454   000FD8                     STATUS          equ	4056	;# 
   455   000FD9                     FSR2            equ	4057	;# 
   456   000FD9                     FSR2L           equ	4057	;# 
   457   000FDA                     FSR2H           equ	4058	;# 
   458   000FDB                     PLUSW2          equ	4059	;# 
   459   000FDC                     PREINC2         equ	4060	;# 
   460   000FDD                     POSTDEC2        equ	4061	;# 
   461   000FDE                     POSTINC2        equ	4062	;# 
   462   000FDF                     INDF2           equ	4063	;# 
   463   000FE0                     BSR             equ	4064	;# 
   464   000FE1                     FSR1            equ	4065	;# 
   465   000FE1                     FSR1L           equ	4065	;# 
   466   000FE2                     FSR1H           equ	4066	;# 
   467   000FE3                     PLUSW1          equ	4067	;# 
   468   000FE4                     PREINC1         equ	4068	;# 
   469   000FE5                     POSTDEC1        equ	4069	;# 
   470   000FE6                     POSTINC1        equ	4070	;# 
   471   000FE7                     INDF1           equ	4071	;# 
   472   000FE8                     WREG            equ	4072	;# 
   473   000FE9                     FSR0            equ	4073	;# 
   474   000FE9                     FSR0L           equ	4073	;# 
   475   000FEA                     FSR0H           equ	4074	;# 
   476   000FEB                     PLUSW0          equ	4075	;# 
   477   000FEC                     PREINC0         equ	4076	;# 
   478   000FED                     POSTDEC0        equ	4077	;# 
   479   000FEE                     POSTINC0        equ	4078	;# 
   480   000FEF                     INDF0           equ	4079	;# 
   481   000FF0                     INTCON3         equ	4080	;# 
   482   000FF1                     INTCON2         equ	4081	;# 
   483   000FF2                     INTCON          equ	4082	;# 
   484   000FF3                     PROD            equ	4083	;# 
   485   000FF3                     PRODL           equ	4083	;# 
   486   000FF4                     PRODH           equ	4084	;# 
   487   000FF5                     TABLAT          equ	4085	;# 
   488   000FF6                     TBLPTR          equ	4086	;# 
   489   000FF6                     TBLPTRL         equ	4086	;# 
   490   000FF7                     TBLPTRH         equ	4087	;# 
   491   000FF8                     TBLPTRU         equ	4088	;# 
   492   000FF9                     PCLAT           equ	4089	;# 
   493   000FF9                     PC              equ	4089	;# 
   494   000FF9                     PCL             equ	4089	;# 
   495   000FFA                     PCLATH          equ	4090	;# 
   496   000FFB                     PCLATU          equ	4091	;# 
   497   000FFC                     STKPTR          equ	4092	;# 
   498   000FFD                     TOS             equ	4093	;# 
   499   000FFD                     TOSL            equ	4093	;# 
   500   000FFE                     TOSH            equ	4094	;# 
   501   000FFF                     TOSU            equ	4095	;# 
   502   000F81                     _PORTB          set	3969
   503   000F93                     _TRISB          set	3987
   504                           
   505                           ; #config settings
   506                           
   507                           	psect	cinit
   508   000714                     __pcinit:
   509                           	callstack 0
   510   000714                     start_initialization:
   511                           	callstack 0
   512   000714                     __initialization:
   513                           	callstack 0
   514   000714                     end_of_initialization:
   515                           	callstack 0
   516   000714                     __end_of__initialization:
   517                           	callstack 0
   518   000714  0100               	movlb	0
   519   000716  EF01  F003         	goto	_main	;jump to C main() function
   520                           
   521                           	psect	cstackCOMRAM
   522   000001                     __pcstackCOMRAM:
   523                           	callstack 0
   524   000001                     main@led:
   525                           	callstack 0
   526   000001                     
   527                           ; 1 bytes @ 0x0
   528   000001                     	ds	2
   529   000003                     main@delay:
   530                           	callstack 0
   531                           
   532                           ; 4 bytes @ 0x2
   533   000003                     	ds	4
   534                           
   535 ;;
   536 ;;Main: autosize = 0, tempsize = 0, incstack = 0, save=0
   537 ;;
   538 ;; *************** function _main *****************
   539 ;; Defined at:
   540 ;;		line 11 in file "newmain.c"
   541 ;; Parameters:    Size  Location     Type
   542 ;;		None
   543 ;; Auto vars:     Size  Location     Type
   544 ;;  delay           4    2[COMRAM] volatile unsigned long 
   545 ;;  led             2    0[COMRAM] int 
   546 ;; Return value:  Size  Location     Type
   547 ;;                  1    wreg      void 
   548 ;; Registers used:
   549 ;;		wreg, status,2, status,0
   550 ;; Tracked objects:
   551 ;;		On entry : 0/0
   552 ;;		On exit  : 0/0
   553 ;;		Unchanged: 0/0
   554 ;; Data sizes:     COMRAM   BANK0   BANK1   BANK2   BANK3   BANK4   BANK5
   555 ;;      Params:         0       0       0       0       0       0       0
   556 ;;      Locals:         6       0       0       0       0       0       0
   557 ;;      Temps:          0       0       0       0       0       0       0
   558 ;;      Totals:         6       0       0       0       0       0       0
   559 ;;Total ram usage:        6 bytes
   560 ;; This function calls:
   561 ;;		Nothing
   562 ;; This function is called by:
   563 ;;		Startup code after reset
   564 ;; This function uses a non-reentrant model
   565 ;;
   566                           
   567                           	psect	text0
   568   000602                     __ptext0:
   569                           	callstack 0
   570   000602                     _main:
   571                           	callstack 31
   572   000602                     
   573                           ;newmain.c: 12:     TRISB = 0X00;
   574   000602  6A93               	clrf	147,c	;volatile
   575                           
   576                           ;newmain.c: 13:    PORTB = 0X00;
   577   000604  6A81               	clrf	129,c	;volatile
   578   000606                     
   579                           ;newmain.c: 15:    volatile unsigned long int delay=0;
   580   000606  0E00               	movlw	0
   581   000608  6E03               	movwf	main@delay^0,c	;volatile
   582   00060A  0E00               	movlw	0
   583   00060C  6E04               	movwf	(main@delay+1)^0,c	;volatile
   584   00060E  0E00               	movlw	0
   585   000610  6E05               	movwf	(main@delay+2)^0,c	;volatile
   586   000612  0E00               	movlw	0
   587   000614  6E06               	movwf	(main@delay+3)^0,c	;volatile
   588                           
   589                           ;newmain.c: 18:        int led = 0;
   590   000616  0E00               	movlw	0
   591   000618  6E02               	movwf	(main@led+1)^0,c
   592   00061A  0E00               	movlw	0
   593   00061C  6E01               	movwf	main@led^0,c
   594   00061E                     l701:
   595                           
   596                           ;newmain.c: 20:     {;newmain.c: 21:         if(delay++ == 100000)
   597   00061E  0E01               	movlw	1
   598   000620  2603               	addwf	main@delay^0,f,c	;volatile
   599   000622  0E00               	movlw	0
   600   000624  2204               	addwfc	(main@delay+1)^0,f,c	;volatile
   601   000626  2205               	addwfc	(main@delay+2)^0,f,c	;volatile
   602   000628  2206               	addwfc	(main@delay+3)^0,f,c	;volatile
   603   00062A  0EA1               	movlw	161
   604   00062C  1803               	xorwf	main@delay^0,w,c	;volatile
   605   00062E  E10A               	bnz	u11
   606   000630  0E86               	movlw	134
   607   000632  1804               	xorwf	(main@delay+1)^0,w,c	;volatile
   608   000634  E107               	bnz	u11
   609   000636  0405               	decf	(main@delay+2)^0,w,c	;volatile
   610   000638  1006               	iorwf	(main@delay+3)^0,w,c	;volatile
   611   00063A  A4D8               	btfss	status,2,c
   612   00063C  EF22  F003         	goto	u11
   613   000640  EF24  F003         	goto	u10
   614   000644                     u11:
   615   000644  EF0F  F003         	goto	l701
   616   000648                     u10:
   617   000648                     
   618                           ;newmain.c: 22:         {;newmain.c: 23:             if(led < 8)
   619   000648  BE02               	btfsc	(main@led+1)^0,7,c
   620   00064A  EF32  F003         	goto	u20
   621   00064E  5002               	movf	(main@led+1)^0,w,c
   622   000650  E107               	bnz	u21
   623   000652  0E08               	movlw	8
   624   000654  5C01               	subwf	main@led^0,w,c
   625   000656  B0D8               	btfsc	status,0,c
   626   000658  EF30  F003         	goto	u21
   627   00065C  EF32  F003         	goto	u20
   628   000660                     u21:
   629   000660  EF36  F003         	goto	l707
   630   000664                     u20:
   631   000664                     
   632                           ;newmain.c: 24:             {;newmain.c: 25:             PORTB = (PORTB << 1) | 1;
   633   000664  80D8               	bsf	status,0,c
   634   000666  3681               	rlcf	129,f,c	;volatile
   635                           
   636                           ;newmain.c: 27:             }
   637   000668  EF6E  F003         	goto	l719
   638   00066C                     l707:
   639   00066C  BE02               	btfsc	(main@led+1)^0,7,c
   640   00066E  EF44  F003         	goto	u30
   641   000672  5002               	movf	(main@led+1)^0,w,c
   642   000674  E107               	bnz	u31
   643   000676  0E10               	movlw	16
   644   000678  5C01               	subwf	main@led^0,w,c
   645   00067A  B0D8               	btfsc	status,0,c
   646   00067C  EF42  F003         	goto	u31
   647   000680  EF44  F003         	goto	u30
   648   000684                     u31:
   649   000684  EF49  F003         	goto	l711
   650   000688                     u30:
   651   000688                     
   652                           ;newmain.c: 29:             {;newmain.c: 30:                 PORTB = PORTB << 1;
   653   000688  5081               	movf	129,w,c	;volatile
   654   00068A  2481               	addwf	129,w,c	;volatile
   655   00068C  6E81               	movwf	129,c	;volatile
   656                           
   657                           ;newmain.c: 31:             }
   658   00068E  EF6E  F003         	goto	l719
   659   000692                     l711:
   660   000692  BE02               	btfsc	(main@led+1)^0,7,c
   661   000694  EF57  F003         	goto	u40
   662   000698  5002               	movf	(main@led+1)^0,w,c
   663   00069A  E107               	bnz	u41
   664   00069C  0E18               	movlw	24
   665   00069E  5C01               	subwf	main@led^0,w,c
   666   0006A0  B0D8               	btfsc	status,0,c
   667   0006A2  EF55  F003         	goto	u41
   668   0006A6  EF57  F003         	goto	u40
   669   0006AA                     u41:
   670   0006AA  EF5B  F003         	goto	l715
   671   0006AE                     u40:
   672   0006AE                     
   673                           ;newmain.c: 33:             {;newmain.c: 34:                 PORTB = (PORTB >> 1) | 0X80
      +                          ;
   674   0006AE  80D8               	bsf	status,0,c
   675   0006B0  3281               	rrcf	129,f,c	;volatile
   676                           
   677                           ;newmain.c: 35:             }
   678   0006B2  EF6E  F003         	goto	l719
   679   0006B6                     l715:
   680   0006B6  BE02               	btfsc	(main@led+1)^0,7,c
   681   0006B8  EF69  F003         	goto	u50
   682   0006BC  5002               	movf	(main@led+1)^0,w,c
   683   0006BE  E107               	bnz	u51
   684   0006C0  0E20               	movlw	32
   685   0006C2  5C01               	subwf	main@led^0,w,c
   686   0006C4  B0D8               	btfsc	status,0,c
   687   0006C6  EF67  F003         	goto	u51
   688   0006CA  EF69  F003         	goto	u50
   689   0006CE                     u51:
   690   0006CE  EF6E  F003         	goto	l14
   691   0006D2                     u50:
   692   0006D2                     
   693                           ;newmain.c: 37:             {;newmain.c: 38:                 PORTB = (PORTB >> 1);
   694   0006D2  90D8               	bcf	status,0,c
   695   0006D4  3081               	rrcf	129,w,c	;volatile
   696   0006D6  6E81               	movwf	129,c	;volatile
   697   0006D8  EF6E  F003         	goto	l719
   698   0006DC                     l14:
   699   0006DC                     l719:
   700                           
   701                           ;newmain.c: 40:             led++;
   702   0006DC  4A01               	infsnz	main@led^0,f,c
   703   0006DE  2A02               	incf	(main@led+1)^0,f,c
   704   0006E0                     
   705                           ;newmain.c: 41:             delay = 0;
   706   0006E0  0E00               	movlw	0
   707   0006E2  6E03               	movwf	main@delay^0,c	;volatile
   708   0006E4  0E00               	movlw	0
   709   0006E6  6E04               	movwf	(main@delay+1)^0,c	;volatile
   710   0006E8  0E00               	movlw	0
   711   0006EA  6E05               	movwf	(main@delay+2)^0,c	;volatile
   712   0006EC  0E00               	movlw	0
   713   0006EE  6E06               	movwf	(main@delay+3)^0,c	;volatile
   714   0006F0                     
   715                           ;newmain.c: 42:             if(led == 32)
   716   0006F0  0E20               	movlw	32
   717   0006F2  1801               	xorwf	main@led^0,w,c
   718   0006F4  1002               	iorwf	(main@led+1)^0,w,c
   719   0006F6  A4D8               	btfss	status,2,c
   720   0006F8  EF80  F003         	goto	u61
   721   0006FC  EF82  F003         	goto	u60
   722   000700                     u61:
   723   000700  EF0F  F003         	goto	l701
   724   000704                     u60:
   725   000704                     
   726                           ;newmain.c: 43:             {;newmain.c: 44:                 led=0;
   727   000704  0E00               	movlw	0
   728   000706  6E02               	movwf	(main@led+1)^0,c
   729   000708  0E00               	movlw	0
   730   00070A  6E01               	movwf	main@led^0,c
   731   00070C  EF0F  F003         	goto	l701
   732   000710  EFFE  F017         	goto	start
   733   000714                     __end_of_main:
   734                           	callstack 0
   735                           
   736                           	psect	smallconst
   737   000600                     __psmallconst:
   738                           	callstack 0
   739   000600  00                 	db	0
   740   000601  00                 	db	0	; dummy byte at the end
   741   000600                     __smallconst    set	__psmallconst
   742   000600                     __mediumconst   set	__psmallconst
   743   000000                     __activetblptr  equ	0
   744                           
   745                           	psect	rparam
   746   000001                     ___rparam_used  equ	1
   747   000000                     ___param_bank   equ	0
   748   000000                     __Lparam        equ	__Lrparam
   749   000000                     __Hparam        equ	__Hrparam
   750                           
   751                           	psect	idloc
   752                           
   753                           ;Config register IDLOC0 @ 0x200000
   754                           ;	unspecified, using default values
   755   200000                     	org	2097152
   756   200000  FF                 	db	255
   757                           
   758                           ;Config register IDLOC1 @ 0x200001
   759                           ;	unspecified, using default values
   760   200001                     	org	2097153
   761   200001  FF                 	db	255
   762                           
   763                           ;Config register IDLOC2 @ 0x200002
   764                           ;	unspecified, using default values
   765   200002                     	org	2097154
   766   200002  FF                 	db	255
   767                           
   768                           ;Config register IDLOC3 @ 0x200003
   769                           ;	unspecified, using default values
   770   200003                     	org	2097155
   771   200003  FF                 	db	255
   772                           
   773                           ;Config register IDLOC4 @ 0x200004
   774                           ;	unspecified, using default values
   775   200004                     	org	2097156
   776   200004  FF                 	db	255
   777                           
   778                           ;Config register IDLOC5 @ 0x200005
   779                           ;	unspecified, using default values
   780   200005                     	org	2097157
   781   200005  FF                 	db	255
   782                           
   783                           ;Config register IDLOC6 @ 0x200006
   784                           ;	unspecified, using default values
   785   200006                     	org	2097158
   786   200006  FF                 	db	255
   787                           
   788                           ;Config register IDLOC7 @ 0x200007
   789                           ;	unspecified, using default values
   790   200007                     	org	2097159
   791   200007  FF                 	db	255
   792                           
   793                           	psect	config
   794                           
   795                           ; Padding undefined space
   796   300000                     	org	3145728
   797   300000  FF                 	db	255
   798                           
   799                           ;Config register CONFIG1H @ 0x300001
   800                           ;	unspecified, using default values
   801                           ;	Oscillator Selection bits
   802                           ;	OSC = 0x7, unprogrammed default
   803                           ;	Fail-Safe Clock Monitor Enable bit
   804                           ;	FCMEN = 0x0, unprogrammed default
   805                           ;	Internal/External Oscillator Switchover bit
   806                           ;	IESO = 0x0, unprogrammed default
   807   300001                     	org	3145729
   808   300001  07                 	db	7
   809                           
   810                           ;Config register CONFIG2L @ 0x300002
   811                           ;	unspecified, using default values
   812                           ;	Power-up Timer Enable bit
   813                           ;	PWRT = 0x1, unprogrammed default
   814                           ;	Brown-out Reset Enable bits
   815                           ;	BOREN = 0x3, unprogrammed default
   816                           ;	Brown-out Reset Voltage bits
   817                           ;	BORV = 0x3, unprogrammed default
   818   300002                     	org	3145730
   819   300002  1F                 	db	31
   820                           
   821                           ;Config register CONFIG2H @ 0x300003
   822                           ;	unspecified, using default values
   823                           ;	Watchdog Timer Enable bit
   824                           ;	WDT = 0x1, unprogrammed default
   825                           ;	Watchdog Timer Postscale Select bits
   826                           ;	WDTPS = 0xF, unprogrammed default
   827   300003                     	org	3145731
   828   300003  1F                 	db	31
   829                           
   830                           ; Padding undefined space
   831   300004                     	org	3145732
   832   300004  FF                 	db	255
   833                           
   834                           ;Config register CONFIG3H @ 0x300005
   835                           ;	unspecified, using default values
   836                           ;	PORTB A/D Enable bit
   837                           ;	PBADEN = 0x1, unprogrammed default
   838                           ;	Low-Power Timer 1 Oscillator Enable bit
   839                           ;	LPT1OSC = 0x0, unprogrammed default
   840                           ;	MCLR Pin Enable bit
   841                           ;	MCLRE = 0x1, unprogrammed default
   842   300005                     	org	3145733
   843   300005  82                 	db	130
   844                           
   845                           ;Config register CONFIG4L @ 0x300006
   846                           ;	unspecified, using default values
   847                           ;	Stack Full/Underflow Reset Enable bit
   848                           ;	STVREN = 0x1, unprogrammed default
   849                           ;	Single-Supply ICSP Enable bit
   850                           ;	LVP = 0x1, unprogrammed default
   851                           ;	Boot Block Size Select bit
   852                           ;	BBSIZ = 0x0, unprogrammed default
   853                           ;	Extended Instruction Set Enable bit
   854                           ;	XINST = 0x0, unprogrammed default
   855                           ;	Background Debugger Enable bit
   856                           ;	DEBUG = 0x1, unprogrammed default
   857   300006                     	org	3145734
   858   300006  85                 	db	133
   859                           
   860                           ; Padding undefined space
   861   300007                     	org	3145735
   862   300007  FF                 	db	255
   863                           
   864                           ;Config register CONFIG5L @ 0x300008
   865                           ;	unspecified, using default values
   866                           ;	Code Protection bit
   867                           ;	CP0 = 0x1, unprogrammed default
   868                           ;	Code Protection bit
   869                           ;	CP1 = 0x1, unprogrammed default
   870                           ;	Code Protection bit
   871                           ;	CP2 = 0x1, unprogrammed default
   872                           ;	Code Protection bit
   873                           ;	CP3 = 0x1, unprogrammed default
   874   300008                     	org	3145736
   875   300008  0F                 	db	15
   876                           
   877                           ;Config register CONFIG5H @ 0x300009
   878                           ;	unspecified, using default values
   879                           ;	Boot Block Code Protection bit
   880                           ;	CPB = 0x1, unprogrammed default
   881                           ;	Data EEPROM Code Protection bit
   882                           ;	CPD = 0x1, unprogrammed default
   883   300009                     	org	3145737
   884   300009  C0                 	db	192
   885                           
   886                           ;Config register CONFIG6L @ 0x30000A
   887                           ;	unspecified, using default values
   888                           ;	Write Protection bit
   889                           ;	WRT0 = 0x1, unprogrammed default
   890                           ;	Write Protection bit
   891                           ;	WRT1 = 0x1, unprogrammed default
   892                           ;	Write Protection bit
   893                           ;	WRT2 = 0x1, unprogrammed default
   894                           ;	Write Protection bit
   895                           ;	WRT3 = 0x1, unprogrammed default
   896   30000A                     	org	3145738
   897   30000A  0F                 	db	15
   898                           
   899                           ;Config register CONFIG6H @ 0x30000B
   900                           ;	unspecified, using default values
   901                           ;	Configuration Register Write Protection bit
   902                           ;	WRTC = 0x1, unprogrammed default
   903                           ;	Boot Block Write Protection bit
   904                           ;	WRTB = 0x1, unprogrammed default
   905                           ;	Data EEPROM Write Protection bit
   906                           ;	WRTD = 0x1, unprogrammed default
   907   30000B                     	org	3145739
   908   30000B  E0                 	db	224
   909                           
   910                           ;Config register CONFIG7L @ 0x30000C
   911                           ;	unspecified, using default values
   912                           ;	Table Read Protection bit
   913                           ;	EBTR0 = 0x1, unprogrammed default
   914                           ;	Table Read Protection bit
   915                           ;	EBTR1 = 0x1, unprogrammed default
   916                           ;	Table Read Protection bit
   917                           ;	EBTR2 = 0x1, unprogrammed default
   918                           ;	Table Read Protection bit
   919                           ;	EBTR3 = 0x1, unprogrammed default
   920   30000C                     	org	3145740
   921   30000C  0F                 	db	15
   922                           
   923                           ;Config register CONFIG7H @ 0x30000D
   924                           ;	unspecified, using default values
   925                           ;	Boot Block Table Read Protection bit
   926                           ;	EBTRB = 0x1, unprogrammed default
   927   30000D                     	org	3145741
   928   30000D  40                 	db	64
   929                           tosu	equ	0xFFF
   930                           tosh	equ	0xFFE
   931                           tosl	equ	0xFFD
   932                           stkptr	equ	0xFFC
   933                           pclatu	equ	0xFFB
   934                           pclath	equ	0xFFA
   935                           pcl	equ	0xFF9
   936                           tblptru	equ	0xFF8
   937                           tblptrh	equ	0xFF7
   938                           tblptrl	equ	0xFF6
   939                           tablat	equ	0xFF5
   940                           prodh	equ	0xFF4
   941                           prodl	equ	0xFF3
   942                           indf0	equ	0xFEF
   943                           postinc0	equ	0xFEE
   944                           postdec0	equ	0xFED
   945                           preinc0	equ	0xFEC
   946                           plusw0	equ	0xFEB
   947                           fsr0h	equ	0xFEA
   948                           fsr0l	equ	0xFE9
   949                           wreg	equ	0xFE8
   950                           indf1	equ	0xFE7
   951                           postinc1	equ	0xFE6
   952                           postdec1	equ	0xFE5
   953                           preinc1	equ	0xFE4
   954                           plusw1	equ	0xFE3
   955                           fsr1h	equ	0xFE2
   956                           fsr1l	equ	0xFE1
   957                           bsr	equ	0xFE0
   958                           indf2	equ	0xFDF
   959                           postinc2	equ	0xFDE
   960                           postdec2	equ	0xFDD
   961                           preinc2	equ	0xFDC
   962                           plusw2	equ	0xFDB
   963                           fsr2h	equ	0xFDA
   964                           fsr2l	equ	0xFD9
   965                           status	equ	0xFD8

Data Sizes:
    Strings     0
    Constant    0
    Data        0
    BSS         0
    Persistent  0
    Stack       0

Auto Spaces:
    Space          Size  Autos    Used
    COMRAM           95      6       6
    BANK0           160      0       0
    BANK1           256      0       0
    BANK2           256      0       0
    BANK3           256      0       0
    BANK4           256      0       0
    BANK5           256      0       0

Pointer List with Targets:

    None.

Critical Paths under _main in COMRAM

    None.

Critical Paths under _main in BANK0

    None.

Critical Paths under _main in BANK1

    None.

Critical Paths under _main in BANK2

    None.

Critical Paths under _main in BANK3

    None.

Critical Paths under _main in BANK4

    None.

Critical Paths under _main in BANK5

    None.

Call Graph Tables:

 ---------------------------------------------------------------------------------
 (Depth) Function   	        Calls       Base Space   Used Autos Params    Refs
 ---------------------------------------------------------------------------------
 (0) _main                                                 6     6      0      90
                                              0 COMRAM     6     6      0
 ---------------------------------------------------------------------------------
 Estimated maximum stack depth 0
 ---------------------------------------------------------------------------------

 Call Graph Graphs:

 _main (ROOT)

Address spaces:
Name               Size   Autos  Total    Usage
BITCOMRAM           95      0       0      0.0%
BITBANK0           160      0       0      0.0%
BITBANK1           256      0       0      0.0%
BITBANK2           256      0       0      0.0%
BITBANK3           256      0       0      0.0%
BITBANK4           256      0       0      0.0%
BITBANK5           256      0       0      0.0%
BITBIGSFRl         641      0       0      0.0%
BITBIGSFRh         126      0       0      0.0%
COMRAM              95      6       6      6.3%
BANK0              160      0       0      0.0%
BANK1              256      0       0      0.0%
BANK2              256      0       0      0.0%
BANK3              256      0       0      0.0%
BANK4              256      0       0      0.0%
BANK5              256      0       0      0.0%
BIGRAM            1535      0       0      0.0%
STACK                0      0       0      0.0%
DATA                 0      0       6      0.0%


Microchip Technology PIC18 Macro Assembler V3.00 build 20241204225717 
Symbol Table                                                                                   Thu Apr 03 11:21:15 2025

                     l14 06DC                       u10 0648                       u11 0644  
                     u20 0664                       u21 0660                       u30 0688  
                     u31 0684                       u40 06AE                       u41 06AA  
                     u50 06D2                       u51 06CE                       u60 0704  
                     u61 0700                      l701 061E                      l711 0692  
                    l703 0648                      l721 06E0                      l713 06AE  
                    l705 0664                      l723 06F0                      l715 06B6  
                    l707 066C                      l725 0704                      l717 06D2  
                    l709 0688                      l719 06DC                      l697 0602  
                    l699 0606                     _main 0602                     start 2FFC  
           ___param_bank 0000                    ?_main 0001                    _PORTB 0F81  
                  _TRISB 0F93                    status 0FD8          __initialization 0714  
           __end_of_main 0714                   ??_main 0001            __activetblptr 0000  
                 isa$std 0001             __mediumconst 0600               __accesstop 0060  
__end_of__initialization 0714            ___rparam_used 0001           __pcstackCOMRAM 0001  
                __Hparam 0000                  __Lparam 0000             __psmallconst 0600  
                __pcinit 0714                  __ramtop 0600                  __ptext0 0602  
                main@led 0001     end_of_initialization 0714      start_initialization 0714  
            __smallconst 0600                main@delay 0003                 __Hrparam 0000  
               __Lrparam 0000                 isa$xinst 0000  
